<html>
<body>
<pre>
<h1>µVision Build Log</h1>
<h2>Project:</h2>
C:\Users\robert\Documents\fh\EmbeddedCpp\uVisionTemplate\main_STM32L1xx.uvproj
Project File Date:  10/12/2017

<h2>Output:</h2>
Rebuild target 'Target'
creating preprocessor file for lib.cpp...
compiling lib.cpp...
creating preprocessor file for main.cpp...
compiling main.cpp...
creating preprocessor file for RTOS.cpp...
compiling RTOS.cpp...
assembling RTOScontext.s...
assembling startup_stm32f4xx.s...
linking...
Program Size: Code=3896 RO-data=588 RW-data=124 ZI-data=32892  
FromELF: creating hex file...
".\Bin\STM32L1xx\main.axf" - 0 Error(s), 0 Warning(s).
Clean started: Project: 'main_STM32L1xx'
   deleting intermediate output files for target 'Target'
